// Jest Snapshot v1, https://goo.gl/fbAQLP

exports[`\`ActionButton\` should match snapshot 1`] = `
ShallowWrapper {
  "length": 1,
  Symbol(enzyme.__root__): [Circular],
  Symbol(enzyme.__unrendered__): <WithStyles(ActionButton)
    classes={
        Object {
            "actions": "",
            "trigger": "",
          }
    }
    icon="message"
    onClick={[Function]}
    pos={
        Object {
            "bottom": 0,
            "right": 0,
          }
    }
/>,
  Symbol(enzyme.__renderer__): Object {
    "batchedUpdates": [Function],
    "getNode": [Function],
    "render": [Function],
    "simulateEvent": [Function],
    "unmount": [Function],
  },
  Symbol(enzyme.__node__): Object {
    "instance": null,
    "key": undefined,
    "nodeType": "function",
    "props": Object {
      "classes": Object {
        "actions": "ActionButton-actions-2",
        "trigger": "ActionButton-trigger-1",
      },
      "icon": "message",
      "onClick": [Function],
      "pos": Object {
        "bottom": 0,
        "right": 0,
      },
    },
    "ref": null,
    "rendered": null,
    "type": [Function],
  },
  Symbol(enzyme.__nodes__): Array [
    Object {
      "instance": null,
      "key": undefined,
      "nodeType": "function",
      "props": Object {
        "classes": Object {
          "actions": "ActionButton-actions-2",
          "trigger": "ActionButton-trigger-1",
        },
        "icon": "message",
        "onClick": [Function],
        "pos": Object {
          "bottom": 0,
          "right": 0,
        },
      },
      "ref": null,
      "rendered": null,
      "type": [Function],
    },
  ],
  Symbol(enzyme.__options__): Object {
    "adapter": ReactSixteenAdapter {
      "options": Object {
        "enableComponentDidUpdateOnSetState": true,
      },
    },
    "context": Object {},
  },
}
`;
