// Jest Snapshot v1, https://goo.gl/fbAQLP

exports[`\`ButtonsContainer\` should match snapshot 1`] = `
ShallowWrapper {
  "length": 1,
  Symbol(enzyme.__root__): [Circular],
  Symbol(enzyme.__unrendered__): <ButtonsContainer />,
  Symbol(enzyme.__renderer__): Object {
    "batchedUpdates": [Function],
    "getNode": [Function],
    "render": [Function],
    "simulateEvent": [Function],
    "unmount": [Function],
  },
  Symbol(enzyme.__node__): Object {
    "instance": null,
    "key": undefined,
    "nodeType": "host",
    "props": Object {
      "children": Array [
        <a
          href="mailto:alfioparisi.93@gmail.com"
>
          <WithStyles(ActionButton)
                    icon="mail"
                    onClick={[Function]}
                    pos={
                              Object {
                                        "bottom": 20,
                                        "right": 15,
                                      }
                    }
          />
</a>,
        <a
          href="https://uk.linkedin.com/in/alfio-parisi-2b3baa13b"
>
          <WithStyles(ActionButton)
                    icon="linkedin"
                    onClick={[Function]}
                    pos={
                              Object {
                                        "bottom": 20,
                                        "right": 15,
                                      }
                    }
          />
</a>,
        <a
          href="https://github.com/alf1o"
>
          <WithStyles(ActionButton)
                    icon="github"
                    onClick={[Function]}
                    pos={
                              Object {
                                        "bottom": 20,
                                        "right": 15,
                                      }
                    }
          />
</a>,
        <WithStyles(ActionButton)
          icon="message"
          onClick={[Function]}
          pos={
                    Object {
                              "bottom": 20,
                              "right": 15,
                            }
          }
/>,
      ],
    },
    "ref": null,
    "rendered": Array [
      Object {
        "instance": null,
        "key": undefined,
        "nodeType": "host",
        "props": Object {
          "children": <WithStyles(ActionButton)
            icon="mail"
            onClick={[Function]}
            pos={
                        Object {
                                    "bottom": 20,
                                    "right": 15,
                                  }
            }
/>,
          "href": "mailto:alfioparisi.93@gmail.com",
        },
        "ref": null,
        "rendered": Object {
          "instance": null,
          "key": undefined,
          "nodeType": "class",
          "props": Object {
            "icon": "mail",
            "onClick": [Function],
            "pos": Object {
              "bottom": 20,
              "right": 15,
            },
          },
          "ref": null,
          "rendered": null,
          "type": [Function],
        },
        "type": "a",
      },
      Object {
        "instance": null,
        "key": undefined,
        "nodeType": "host",
        "props": Object {
          "children": <WithStyles(ActionButton)
            icon="linkedin"
            onClick={[Function]}
            pos={
                        Object {
                                    "bottom": 20,
                                    "right": 15,
                                  }
            }
/>,
          "href": "https://uk.linkedin.com/in/alfio-parisi-2b3baa13b",
        },
        "ref": null,
        "rendered": Object {
          "instance": null,
          "key": undefined,
          "nodeType": "class",
          "props": Object {
            "icon": "linkedin",
            "onClick": [Function],
            "pos": Object {
              "bottom": 20,
              "right": 15,
            },
          },
          "ref": null,
          "rendered": null,
          "type": [Function],
        },
        "type": "a",
      },
      Object {
        "instance": null,
        "key": undefined,
        "nodeType": "host",
        "props": Object {
          "children": <WithStyles(ActionButton)
            icon="github"
            onClick={[Function]}
            pos={
                        Object {
                                    "bottom": 20,
                                    "right": 15,
                                  }
            }
/>,
          "href": "https://github.com/alf1o",
        },
        "ref": null,
        "rendered": Object {
          "instance": null,
          "key": undefined,
          "nodeType": "class",
          "props": Object {
            "icon": "github",
            "onClick": [Function],
            "pos": Object {
              "bottom": 20,
              "right": 15,
            },
          },
          "ref": null,
          "rendered": null,
          "type": [Function],
        },
        "type": "a",
      },
      Object {
        "instance": null,
        "key": undefined,
        "nodeType": "class",
        "props": Object {
          "icon": "message",
          "onClick": [Function],
          "pos": Object {
            "bottom": 20,
            "right": 15,
          },
        },
        "ref": null,
        "rendered": null,
        "type": [Function],
      },
    ],
    "type": "div",
  },
  Symbol(enzyme.__nodes__): Array [
    Object {
      "instance": null,
      "key": undefined,
      "nodeType": "host",
      "props": Object {
        "children": Array [
          <a
            href="mailto:alfioparisi.93@gmail.com"
>
            <WithStyles(ActionButton)
                        icon="mail"
                        onClick={[Function]}
                        pos={
                                    Object {
                                                "bottom": 20,
                                                "right": 15,
                                              }
                        }
            />
</a>,
          <a
            href="https://uk.linkedin.com/in/alfio-parisi-2b3baa13b"
>
            <WithStyles(ActionButton)
                        icon="linkedin"
                        onClick={[Function]}
                        pos={
                                    Object {
                                                "bottom": 20,
                                                "right": 15,
                                              }
                        }
            />
</a>,
          <a
            href="https://github.com/alf1o"
>
            <WithStyles(ActionButton)
                        icon="github"
                        onClick={[Function]}
                        pos={
                                    Object {
                                                "bottom": 20,
                                                "right": 15,
                                              }
                        }
            />
</a>,
          <WithStyles(ActionButton)
            icon="message"
            onClick={[Function]}
            pos={
                        Object {
                                    "bottom": 20,
                                    "right": 15,
                                  }
            }
/>,
        ],
      },
      "ref": null,
      "rendered": Array [
        Object {
          "instance": null,
          "key": undefined,
          "nodeType": "host",
          "props": Object {
            "children": <WithStyles(ActionButton)
              icon="mail"
              onClick={[Function]}
              pos={
                            Object {
                                          "bottom": 20,
                                          "right": 15,
                                        }
              }
/>,
            "href": "mailto:alfioparisi.93@gmail.com",
          },
          "ref": null,
          "rendered": Object {
            "instance": null,
            "key": undefined,
            "nodeType": "class",
            "props": Object {
              "icon": "mail",
              "onClick": [Function],
              "pos": Object {
                "bottom": 20,
                "right": 15,
              },
            },
            "ref": null,
            "rendered": null,
            "type": [Function],
          },
          "type": "a",
        },
        Object {
          "instance": null,
          "key": undefined,
          "nodeType": "host",
          "props": Object {
            "children": <WithStyles(ActionButton)
              icon="linkedin"
              onClick={[Function]}
              pos={
                            Object {
                                          "bottom": 20,
                                          "right": 15,
                                        }
              }
/>,
            "href": "https://uk.linkedin.com/in/alfio-parisi-2b3baa13b",
          },
          "ref": null,
          "rendered": Object {
            "instance": null,
            "key": undefined,
            "nodeType": "class",
            "props": Object {
              "icon": "linkedin",
              "onClick": [Function],
              "pos": Object {
                "bottom": 20,
                "right": 15,
              },
            },
            "ref": null,
            "rendered": null,
            "type": [Function],
          },
          "type": "a",
        },
        Object {
          "instance": null,
          "key": undefined,
          "nodeType": "host",
          "props": Object {
            "children": <WithStyles(ActionButton)
              icon="github"
              onClick={[Function]}
              pos={
                            Object {
                                          "bottom": 20,
                                          "right": 15,
                                        }
              }
/>,
            "href": "https://github.com/alf1o",
          },
          "ref": null,
          "rendered": Object {
            "instance": null,
            "key": undefined,
            "nodeType": "class",
            "props": Object {
              "icon": "github",
              "onClick": [Function],
              "pos": Object {
                "bottom": 20,
                "right": 15,
              },
            },
            "ref": null,
            "rendered": null,
            "type": [Function],
          },
          "type": "a",
        },
        Object {
          "instance": null,
          "key": undefined,
          "nodeType": "class",
          "props": Object {
            "icon": "message",
            "onClick": [Function],
            "pos": Object {
              "bottom": 20,
              "right": 15,
            },
          },
          "ref": null,
          "rendered": null,
          "type": [Function],
        },
      ],
      "type": "div",
    },
  ],
  Symbol(enzyme.__options__): Object {
    "adapter": ReactSixteenAdapter {
      "options": Object {
        "enableComponentDidUpdateOnSetState": true,
      },
    },
    "context": Object {},
  },
}
`;
