// Jest Snapshot v1, https://goo.gl/fbAQLP

exports[`\`Header\` should match snapshot 1`] = `
ShallowWrapper {
  "length": 1,
  Symbol(enzyme.__root__): [Circular],
  Symbol(enzyme.__unrendered__): <Header
    onMenuClick={[Function]}
/>,
  Symbol(enzyme.__renderer__): Object {
    "batchedUpdates": [Function],
    "getNode": [Function],
    "render": [Function],
    "simulateEvent": [Function],
    "unmount": [Function],
  },
  Symbol(enzyme.__node__): Object {
    "instance": null,
    "key": undefined,
    "nodeType": "class",
    "props": Object {
      "children": <WithStyles(Toolbar)>
        <WithStyles(IconButton)
                aria-label="Menu"
                onClick={[Function]}
        >
                <pure(Menu)
                        color="secondary"
                />
        </WithStyles(IconButton)>
        <WithStyles(Typography)
                color="secondary"
                variant="title"
        >
                Alfio Parisi
        </WithStyles(Typography)>
</WithStyles(Toolbar)>,
      "position": "static",
    },
    "ref": null,
    "rendered": Object {
      "instance": null,
      "key": undefined,
      "nodeType": "class",
      "props": Object {
        "children": Array [
          <WithStyles(IconButton)
            aria-label="Menu"
            onClick={[Function]}
>
            <pure(Menu)
                        color="secondary"
            />
</WithStyles(IconButton)>,
          <WithStyles(Typography)
            color="secondary"
            variant="title"
>
            Alfio Parisi
</WithStyles(Typography)>,
        ],
      },
      "ref": null,
      "rendered": Array [
        Object {
          "instance": null,
          "key": undefined,
          "nodeType": "class",
          "props": Object {
            "aria-label": "Menu",
            "children": <pure(Menu)
              color="secondary"
/>,
            "onClick": [Function],
          },
          "ref": null,
          "rendered": Object {
            "instance": null,
            "key": undefined,
            "nodeType": "class",
            "props": Object {
              "color": "secondary",
            },
            "ref": null,
            "rendered": null,
            "type": [Function],
          },
          "type": [Function],
        },
        Object {
          "instance": null,
          "key": undefined,
          "nodeType": "class",
          "props": Object {
            "children": "Alfio Parisi",
            "color": "secondary",
            "variant": "title",
          },
          "ref": null,
          "rendered": "Alfio Parisi",
          "type": [Function],
        },
      ],
      "type": [Function],
    },
    "type": [Function],
  },
  Symbol(enzyme.__nodes__): Array [
    Object {
      "instance": null,
      "key": undefined,
      "nodeType": "class",
      "props": Object {
        "children": <WithStyles(Toolbar)>
          <WithStyles(IconButton)
                    aria-label="Menu"
                    onClick={[Function]}
          >
                    <pure(Menu)
                              color="secondary"
                    />
          </WithStyles(IconButton)>
          <WithStyles(Typography)
                    color="secondary"
                    variant="title"
          >
                    Alfio Parisi
          </WithStyles(Typography)>
</WithStyles(Toolbar)>,
        "position": "static",
      },
      "ref": null,
      "rendered": Object {
        "instance": null,
        "key": undefined,
        "nodeType": "class",
        "props": Object {
          "children": Array [
            <WithStyles(IconButton)
              aria-label="Menu"
              onClick={[Function]}
>
              <pure(Menu)
                            color="secondary"
              />
</WithStyles(IconButton)>,
            <WithStyles(Typography)
              color="secondary"
              variant="title"
>
              Alfio Parisi
</WithStyles(Typography)>,
          ],
        },
        "ref": null,
        "rendered": Array [
          Object {
            "instance": null,
            "key": undefined,
            "nodeType": "class",
            "props": Object {
              "aria-label": "Menu",
              "children": <pure(Menu)
                color="secondary"
/>,
              "onClick": [Function],
            },
            "ref": null,
            "rendered": Object {
              "instance": null,
              "key": undefined,
              "nodeType": "class",
              "props": Object {
                "color": "secondary",
              },
              "ref": null,
              "rendered": null,
              "type": [Function],
            },
            "type": [Function],
          },
          Object {
            "instance": null,
            "key": undefined,
            "nodeType": "class",
            "props": Object {
              "children": "Alfio Parisi",
              "color": "secondary",
              "variant": "title",
            },
            "ref": null,
            "rendered": "Alfio Parisi",
            "type": [Function],
          },
        ],
        "type": [Function],
      },
      "type": [Function],
    },
  ],
  Symbol(enzyme.__options__): Object {
    "adapter": ReactSixteenAdapter {
      "options": Object {
        "enableComponentDidUpdateOnSetState": true,
      },
    },
    "context": Object {},
  },
}
`;
