// Jest Snapshot v1, https://goo.gl/fbAQLP

exports[`\`Home\` should match snapshot 1`] = `
ShallowWrapper {
  "length": 1,
  Symbol(enzyme.__root__): [Circular],
  Symbol(enzyme.__unrendered__): <WithStyles(Home)
    classes={
        Object {
            "bottomText": "",
            "btn": "",
            "btnText": "",
            "container": "",
            "topText": "",
          }
    }
    match={Object {}}
/>,
  Symbol(enzyme.__renderer__): Object {
    "batchedUpdates": [Function],
    "getNode": [Function],
    "render": [Function],
    "simulateEvent": [Function],
    "unmount": [Function],
  },
  Symbol(enzyme.__node__): Object {
    "instance": null,
    "key": undefined,
    "nodeType": "function",
    "props": Object {
      "classes": Object {
        "bottomText": "Home-bottomText-3",
        "btn": "Home-btn-4",
        "btnText": "Home-btnText-5",
        "container": "Home-container-1",
        "topText": "Home-topText-2",
      },
      "match": Object {},
    },
    "ref": null,
    "rendered": null,
    "type": [Function],
  },
  Symbol(enzyme.__nodes__): Array [
    Object {
      "instance": null,
      "key": undefined,
      "nodeType": "function",
      "props": Object {
        "classes": Object {
          "bottomText": "Home-bottomText-3",
          "btn": "Home-btn-4",
          "btnText": "Home-btnText-5",
          "container": "Home-container-1",
          "topText": "Home-topText-2",
        },
        "match": Object {},
      },
      "ref": null,
      "rendered": null,
      "type": [Function],
    },
  ],
  Symbol(enzyme.__options__): Object {
    "adapter": ReactSixteenAdapter {
      "options": Object {
        "enableComponentDidUpdateOnSetState": true,
      },
    },
    "context": Object {},
  },
}
`;
