// Jest Snapshot v1, https://goo.gl/fbAQLP

exports[`\`Navigation\` should match snapshot 1`] = `
ShallowWrapper {
  "length": 1,
  Symbol(enzyme.__root__): [Circular],
  Symbol(enzyme.__unrendered__): <WithStyles(Navigation)
    classes={
        Object {
            "container": "",
            "drawerPaper": "",
            "links": "",
            "list": "",
            "toolbar": "",
          }
    }
    isOpen={false}
    onDrawerSwipe={[Function]}
/>,
  Symbol(enzyme.__renderer__): Object {
    "batchedUpdates": [Function],
    "getNode": [Function],
    "render": [Function],
    "simulateEvent": [Function],
    "unmount": [Function],
  },
  Symbol(enzyme.__node__): Object {
    "instance": null,
    "key": undefined,
    "nodeType": "function",
    "props": Object {
      "classes": Object {
        "container": "Navigation-container-1",
        "drawerPaper": "Navigation-drawerPaper-3",
        "links": "Navigation-links-5",
        "list": "Navigation-list-4",
        "toolbar": "Navigation-toolbar-2",
      },
      "isOpen": false,
      "onDrawerSwipe": [Function],
    },
    "ref": null,
    "rendered": null,
    "type": [Function],
  },
  Symbol(enzyme.__nodes__): Array [
    Object {
      "instance": null,
      "key": undefined,
      "nodeType": "function",
      "props": Object {
        "classes": Object {
          "container": "Navigation-container-1",
          "drawerPaper": "Navigation-drawerPaper-3",
          "links": "Navigation-links-5",
          "list": "Navigation-list-4",
          "toolbar": "Navigation-toolbar-2",
        },
        "isOpen": false,
        "onDrawerSwipe": [Function],
      },
      "ref": null,
      "rendered": null,
      "type": [Function],
    },
  ],
  Symbol(enzyme.__options__): Object {
    "adapter": ReactSixteenAdapter {
      "options": Object {
        "enableComponentDidUpdateOnSetState": true,
      },
    },
    "context": Object {},
  },
}
`;
